[bloxthemes.net/landing-pages/spirit.html]
[backblue.gif]
[fade.gif]
[index.html]
[bloxthemes.net/landing-pages/blox-plugin/media/assets_internal/css/uc_layout_previewf582.css]
[bloxthemes.net/landing-pages/blox-plugin/media/assets_internal/css/uc_frontf582.css]
[bloxthemes.net/landing-pages/blox-plugin/media/assets_libraries/animate/animatef582.css]
[bloxthemes.net/landing-pages/blox-plugin/media/assets/blox_image_hover_effect_two/blox_image_hover_effect_twof582.css]
[bloxthemes.net/landing-pages/blox-plugin/media/assets_libraries/font-awsome/css/font-awesome.minf582.css]
[bloxthemes.net/landing-pages/uploads/images/blox_page_builder/bg5.jpg]
[bloxthemes.net/landing-pages/uploads/images/blox_page_builder/mebo_tiles.jpg]
[bloxthemes.net/landing-pages/uploads/images/blox_page_builder/bg.png]
[bloxthemes.net/landing-pages/uploads/images/spirit/classic.jpg]
[bloxthemes.net/landing-pages/christmas-classic.html]
[bloxthemes.net/landing-pages/uploads/images/spirit/spirit.jpg]
[bloxthemes.net/landing-pages/christmas-spirit.html]
[bloxthemes.net/landing-pages/uploads/images/spirit/fresh.jpg]
[bloxthemes.net/landing-pages/christmas-fresh.html]
[bloxthemes.net/landing-pages/uploads/images/spirit/sale.jpg]
[bloxthemes.net/landing-pages/christmas-sale.html]
[bloxthemes.net/landing-pages/uploads/images/spirit/jingle.jpg]
[bloxthemes.net/landing-pages/christmas-jingle.html]
[bloxthemes.net/landing-pages/uploads/images/spirit/discount.jpg]
[bloxthemes.net/landing-pages/christmas-discount.html]
[bloxthemes.net/landing-pages/uploads/images/spirit/time.jpg]
[bloxthemes.net/landing-pages/christmas-time.html]
[bloxthemes.net/landing-pages/uploads/images/spirit/simple.jpg]
[bloxthemes.net/landing-pages/christmas-simple.html]
[bloxthemes.net/landing-pages/uploads/images/spirit/hero.png]
[bloxthemes.net/landing-pages/uploads/images/blox_page_builder/layout1.gif]
[bloxthemes.net/landing-pages/uploads/images/blox_page_builder/layout2.gif]
[bloxthemes.net/landing-pages/uploads/images/blox_page_builder/layout3.gif]
[bloxthemes.net/landing-pages/uploads/images/blox_page_builder/layout4.gif]
[bloxthemes.net/landing-pages/blox-plugin/media/assets_libraries/smooth-scroll/smooth-scroll.minf582.js]
[bloxthemes.net/landing-pages/blox-plugin/admin/provider/assets/jquery-1.11.1.minf582.js]
[cdn.jsdelivr.net/particles.js/2.0.0/particles.minf582.js]
[bloxthemes.net/landing-pages/blox-plugin/media/assets_libraries/animate/wow.minf582.js]
[bloxthemes.net/landing-pages/spirit.html]
[bloxthemes.net/landing-pages/blox-plugin/media/assets_internal/css/uc_layout_previewf582.css]
[bloxthemes.net/landing-pages/blox-plugin/media/assets_internal/css/uc_frontf582.css]
[bloxthemes.net/landing-pages/blox-plugin/media/assets_libraries/animate/animatef582.css]
[bloxthemes.net/landing-pages/blox-plugin/media/assets/blox_image_hover_effect_two/blox_image_hover_effect_twof582.css]
[bloxthemes.net/landing-pages/blox-plugin/media/assets_libraries/font-awsome/fonts/fontawesome-webfont9efe.eot]
[bloxthemes.net/landing-pages/blox-plugin/media/assets_libraries/font-awsome/fonts/fontawesome-webfontd41d.eot]
[bloxthemes.net/landing-pages/blox-plugin/media/assets_libraries/font-awsome/fonts/fontawesome-webfont9efe.woff]
[bloxthemes.net/landing-pages/blox-plugin/media/assets_libraries/font-awsome/fonts/fontawesome-webfont9efe.ttf]
[bloxthemes.net/landing-pages/blox-plugin/media/assets_libraries/font-awsome/fonts/fontawesome-webfont9efe.svg]
[bloxthemes.net/landing-pages/blox-plugin/media/assets_libraries/font-awsome/css/font-awesome.minf582.css]
[bloxthemes.net/landing-pages/uploads/images/blox_page_builder/bg.png]
[bloxthemes.net/landing-pages/blox-plugin/media/assets/uc_rainbow_bullets/uc_rainbow_bulletsf582.css]
[bloxthemes.net/landing-pages/blox-plugin/media/assets/diagonal_event_box/diagonal-event-boxf582.css]
[maxcdn.bootstrapcdn.com/font-awesome/4.6.1/css/font-awesome.minf582.css]
[bloxthemes.net/landing-pages/blox-plugin/media/assets/customer_rating/customer_ratingf582.css]
[bloxthemes.net/landing-pages/blox-plugin/media/assets/PricingTableByBradleyTreweek/css/PricingTableByBradleyTreweekf582.css]
[bloxthemes.net/landing-pages/blox-plugin/media/assets_libraries/lity/lity.minf582.css]
[bloxthemes.net/landing-pages/blox-plugin/media/assets/uc_rounded_accordion/uc_rounded_accordionf582.css]
[bloxthemes.net/landing-pages/blox-plugin/media/assets/uc_shadow_footer/uc_shadow_footerf582.css]
[bloxthemes.net/landing-pages/blox-plugin/media/assets/uc_sexy_social_buttons/uc_sexy_social_buttonsf582.css]
[bloxthemes.net/landing-pages/uploads/images/blox_page_builder/form4.jpg]
[bloxthemes.net/landing-pages/uploads/images/blox_page_builder/trees.png]
[bloxthemes.net/landing-pages/uploads/images/blox_page_builder/lady.jpg]
[bloxthemes.net/landing-pages/uploads/images/blox_page_builder/pic5.jpg]
[bloxthemes.net/landing-pages/uploads/images/blox_page_builder/pic4.jpg]
[bloxthemes.net/landing-pages/uploads/images/blox_page_builder/pic6.jpg]
[bloxthemes.net/landing-pages/uploads/images/blox_page_builder/user15.jpg]
[bloxthemes.net/landing-pages/uploads/images/blox_page_builder/user14.jpg]
[bloxthemes.net/landing-pages/uploads/images/blox_page_builder/user13.jpg]
[bloxthemes.net/landing-pages/uploads/images/blox_page_builder/user16.jpg]
[bloxthemes.net/landing-pages/uploads/images/blox_page_builder/border1.png]
[bloxthemes.net/landing-pages/uploads/images/blox_page_builder/happy.jpg]
[bloxthemes.net/landing-pages/blox-plugin/media/assets_libraries/lity/lity.minf582.js]
[bloxthemes.net/landing-pages/blox-plugin/media/assets_internal/js/uc_formf582.js]
[bloxthemes.net/landing-pages/index.html]
[bloxthemes.net/landing-pages/christmas-classic.html]
[bloxthemes.net/landing-pages/blox-plugin/media/assets/uc_clean_product_box/uc_clean_product_boxf582.css]
[bloxthemes.net/landing-pages/blox-plugin/media/assets/clean_countdown/clean_countdownf582.css]
[bloxthemes.net/landing-pages/blox-plugin/media/assets/uc_solid_color_accordion/uc_solid_color_accordionf582.css]
[bloxthemes.net/landing-pages/blox-plugin/media/assets/icon_price_table/icon_price_tablef582.css]
[bloxthemes.net/landing-pages/uploads/images/blox_page_builder/blake-cheek-499258-unsplash.jpg]
[bloxthemes.net/landing-pages/uploads/images/blox_page_builder/kid.jpg]
[bloxthemes.net/landing-pages/uploads/images/blox_page_builder/bag-beautiful-beautiful-girl-932405.jpg]
[bloxthemes.net/landing-pages/blox-plugin/media/assets/blox_svg_icon/jquery.drawsvg.minf582.js]
[bloxthemes.net/landing-pages/blox-plugin/media/assets_libraries/countdown/jquery.countdownf582.js]
[bloxthemes.net/landing-pages/christmas-spirit.html]
[bloxthemes.net/landing-pages/blox-plugin/media/assets_libraries/owl-carousel/assets/owl.carouself582.css]
[bloxthemes.net/landing-pages/blox-plugin/media/assets/uc_image_carousel/owl.carouself582.css]
[bloxthemes.net/landing-pages/blox-plugin/media/assets/uc_overlay_image_carousel/uc_overlay_image_carouself582.css]
[bloxthemes.net/landing-pages/blox-plugin/media/assets/uc_diagonal_product_box/uc_diagonal_product_boxf582.css]
[bloxthemes.net/landing-pages/blox-plugin/media/assets/uc_diagonal_rating/uc_diagonal-ratingf582.css]
[bloxthemes.net/landing-pages/blox-plugin/media/assets/blox_boxed_small_diamond_icon_box/blox-boxed-small-diamond-icon-boxf582.css]
[bloxthemes.net/landing-pages/uploads/images/blox_page_builder/bg3.jpg]
[bloxthemes.net/landing-pages/uploads/images/blox_page_builder/snow1.jpg]
[bloxthemes.net/landing-pages/uploads/images/blox_page_builder/item1.jpg]
[bloxthemes.net/landing-pages/uploads/images/blox_page_builder/item2.jpg]
[bloxthemes.net/landing-pages/uploads/images/blox_page_builder/item3.jpg]
[bloxthemes.net/landing-pages/uploads/images/blox_page_builder/box7.jpg]
[bloxthemes.net/landing-pages/uploads/images/blox_page_builder/box8.jpg]
[bloxthemes.net/landing-pages/uploads/images/blox_page_builder/box9.jpg]
[bloxthemes.net/landing-pages/uploads/images/blox_page_builder/1_1.jpg]
[bloxthemes.net/landing-pages/uploads/images/blox_page_builder/2.jpg]
[bloxthemes.net/landing-pages/uploads/images/blox_page_builder/3.jpg]
[bloxthemes.net/landing-pages/uploads/images/blox_page_builder/border.jpg]
[bloxthemes.net/landing-pages/christmas-fresh.html]
[bloxthemes.net/landing-pages/blox-plugin/media/assets_libraries/owl-carousel/owl.carousel.minf582.js]
[bloxthemes.net/landing-pages/blox-plugin/media/assets/elegant_product_box/elegant_product_boxf582.css]
[bloxthemes.net/landing-pages/uploads/images/blox_page_builder/border2.png]
[bloxthemes.net/landing-pages/uploads/images/blox_page_builder/box1.png]
[bloxthemes.net/landing-pages/uploads/images/blox_page_builder/box6.png]
[bloxthemes.net/landing-pages/uploads/images/blox_page_builder/box4.png]
[bloxthemes.net/landing-pages/www.pullandbear.com/index.html]
[bloxthemes.net/landing-pages/uploads/images/blox_page_builder/box5.png]
[bloxthemes.net/landing-pages/uploads/images/blox_page_builder/box3.png]
[bloxthemes.net/landing-pages/christmas-sale.html]
[bloxthemes.net/landing-pages/blox-plugin/media/assets/clothing_product_box/clothing_product_boxf582.css]
[bloxthemes.net/landing-pages/blox-plugin/media/assets/uc_progress_countdown/uc_progress-countdownf582.css]
[bloxthemes.net/landing-pages/blox-plugin/media/assets/uc_slide_down_button/uc_slide_down_buttonf582.css]
[bloxthemes.net/landing-pages/blox-plugin/media/assets/pointy_testimonial/uc_pointy_testimonialf582.css]
[bloxthemes.net/landing-pages/blox-plugin/media/assets/responsive_testemonial_carousel/responsive_testemonial_carouself582.css]
[bloxthemes.net/landing-pages/blox-plugin/media/assets/uc_starter_accordion/uc_starter_accordionf582.css]
[bloxthemes.net/landing-pages/blox-plugin/media/assets/uc_tiles_grid_image/unite-galleryf582.css]
[bloxthemes.net/landing-pages/blox-plugin/media/assets/simple_price_table/simple_price_tablef582.css]
[bloxthemes.net/landing-pages/blox-plugin/media/assets/uc_corner_social_icons/uc-corner-social-iconsf582.css]
[bloxthemes.net/landing-pages/uploads/images/blox_page_builder/christmas.png]
[bloxthemes.net/landing-pages/uploads/images/blox_page_builder/gifts.jpg]
[bloxthemes.net/landing-pages/uploads/images/blox_page_builder/gifts_hover.jpg]
[bloxthemes.net/landing-pages/uploads/images/blox_page_builder/candy_hover.jpg]
[bloxthemes.net/landing-pages/uploads/images/blox_page_builder/candy.jpg]
[bloxthemes.net/landing-pages/uploads/images/blox_page_builder/hands.jpg]
[bloxthemes.net/landing-pages/uploads/images/blox_page_builder/hands_hover.jpg]
[bloxthemes.net/landing-pages/uploads/images/blox_page_builder/ornaments.jpg]
[bloxthemes.net/landing-pages/uploads/images/blox_page_builder/ornaments_hover.jpg]
[bloxthemes.net/landing-pages/uploads/images/blox_page_builder/11.jpg]
[bloxthemes.net/landing-pages/uploads/images/blox_page_builder/12.jpg]
[bloxthemes.net/landing-pages/uploads/images/blox_page_builder/13.jpg]
[bloxthemes.net/landing-pages/uploads/images/blox_page_builder/14.jpg]
[bloxthemes.net/landing-pages/uploads/images/blox_page_builder/18.jpg]
[bloxthemes.net/landing-pages/uploads/images/blox_page_builder/8.jpg]
[bloxthemes.net/landing-pages/uploads/images/blox_page_builder/5.jpg]
[bloxthemes.net/landing-pages/uploads/images/blox_page_builder/7.jpg]
[bloxthemes.net/landing-pages/uploads/images/blox_page_builder/gallery33.jpg]
[bloxthemes.net/landing-pages/uploads/images/blox_page_builder/gallery32.jpg]
[bloxthemes.net/landing-pages/uploads/images/blox_page_builder/gallery34.jpg]
[bloxthemes.net/landing-pages/uploads/images/blox_page_builder/gallery35.jpg]
[bloxthemes.net/landing-pages/uploads/images/blox_page_builder/gallery36.jpg]
[bloxthemes.net/landing-pages/uploads/images/blox_page_builder/gallery37.jpg]
[bloxthemes.net/landing-pages/blox-plugin/media/assets/responsive_testemonial_carousel/responsive_testemonial_carouself582.js]
[bloxthemes.net/landing-pages/blox-plugin/media/assets/uc_tiles_grid_image/ug-theme-tilesgridf582.js]
[bloxthemes.net/landing-pages/christmas-jingle.html]
[bloxthemes.net/landing-pages/blox-plugin/media/assets/uc_side_image_product_box/uc_side_image_product_boxf582.css]
[bloxthemes.net/landing-pages/blox-plugin/media/assets/diamond_countdown/uc_diamond_countdownf582.css]
[bloxthemes.net/landing-pages/blox-plugin/media/assets/gradient_price_table/gradient_price_tablef582.css]
[bloxthemes.net/landing-pages/uploads/images/blox_page_builder/bg2.jpg]
[bloxthemes.net/landing-pages/uploads/images/blox_page_builder/gift.png]
[bloxthemes.net/landing-pages/blox-plugin/media/assets/uc_tiles_grid_image/unitegallery.minf582.js]
[bloxthemes.net/landing-pages/uploads/images/blox_page_builder/box3.jpg]
[bloxthemes.net/landing-pages/uploads/images/blox_page_builder/box5.jpg]
[bloxthemes.net/landing-pages/uploads/images/blox_page_builder/box6.jpg]
[bloxthemes.net/landing-pages/uploads/images/blox_page_builder/box4.jpg]
[bloxthemes.net/landing-pages/christmas-discount.html]
[bloxthemes.net/landing-pages/blox-plugin/media/assets/bold_price_box/bold_price_boxf582.css]
[bloxthemes.net/landing-pages/blox-plugin/media/assets/blox_flower_event_box/blox_flower_event_boxf582.css]
[bloxthemes.net/landing-pages/blox-plugin/media/assets/uc_link_hover_effects_set_one/uc_link_hover_effects_set_1f582.css]
[bloxthemes.net/landing-pages/blox-plugin/media/assets/full_color_price_table/full_color_price_tablef582.css]
[bloxthemes.net/landing-pages/uploads/images/blox_page_builder/three.jpg]
[bloxthemes.net/landing-pages/uploads/images/blox_page_builder/two.jpg]
[bloxthemes.net/landing-pages/uploads/images/blox_page_builder/one.jpg]
[bloxthemes.net/landing-pages/uploads/images/blox_page_builder/box10.jpg]
[bloxthemes.net/landing-pages/uploads/images/blox_page_builder/box11.jpg]
[bloxthemes.net/landing-pages/uploads/images/blox_page_builder/box12.jpg]
[bloxthemes.net/landing-pages/uploads/images/blox_page_builder/1_2.jpg]
[bloxthemes.net/landing-pages/uploads/images/blox_page_builder/2_3.jpg]
[bloxthemes.net/landing-pages/uploads/images/blox_page_builder/3_3.jpg]
[bloxthemes.net/landing-pages/christmas-time.html]
[bloxthemes.net/landing-pages/blox-plugin/media/assets/blox-top-small-round-icon-box/blox-top-small-round-icon-boxf582.css]
[bloxthemes.net/landing-pages/uploads/images/blox_page_builder/bg4.jpg]
[bloxthemes.net/landing-pages/uploads/images/blox_page_builder/gifts2.png]
[bloxthemes.net/landing-pages/uploads/images/blox_page_builder/santa.jpg]
[bloxthemes.net/landing-pages/christmas-simple.html]
[bloxthemes.net/landing-pages/blox-plugin/media/assets_libraries/font-awsome/fonts/fontawesome-webfont9efe.html]
[bloxthemes.net/landing-pages/blox-plugin/media/assets_libraries/font-awsome/fonts/fontawesome-webfont9efe.svg]
[bloxthemes.net/landing-pages/uploads/images/blox_page_builder/bg.png]
[bloxthemes.net/landing-pages/blox-plugin/media/assets/uc_rainbow_bullets/uc_rainbow_bulletsf582.css]
[bloxthemes.net/landing-pages/blox-plugin/media/assets/diagonal_event_box/diagonal-event-boxf582.css]
[maxcdn.bootstrapcdn.com/font-awesome/4.6.1/css/font-awesome.minf582.css]
[bloxthemes.net/landing-pages/blox-plugin/media/assets/customer_rating/customer_ratingf582.css]
[bloxthemes.net/landing-pages/blox-plugin/media/assets/PricingTableByBradleyTreweek/css/PricingTableByBradleyTreweekf582.css]
[bloxthemes.net/landing-pages/blox-plugin/media/assets_libraries/lity/lity.minf582.css]
[bloxthemes.net/landing-pages/blox-plugin/media/assets/uc_rounded_accordion/uc_rounded_accordionf582.css]
[bloxthemes.net/landing-pages/blox-plugin/media/assets/uc_shadow_footer/uc_shadow_footerf582.css]
[bloxthemes.net/landing-pages/blox-plugin/media/assets/uc_sexy_social_buttons/uc_sexy_social_buttonsf582.css]
[bloxthemes.net/landing-pages/index.html]
[bloxthemes.net/landing-pages/blox-plugin/media/assets/uc_clean_product_box/uc_clean_product_boxf582.css]
[bloxthemes.net/landing-pages/blox-plugin/media/assets/clean_countdown/clean_countdownf582.css]
[bloxthemes.net/landing-pages/blox-plugin/media/assets/uc_solid_color_accordion/uc_solid_color_accordionf582.css]
[bloxthemes.net/landing-pages/blox-plugin/media/assets/icon_price_table/icon_price_tablef582.css]
[bloxthemes.net/landing-pages/blox-plugin/media/assets_libraries/owl-carousel/assets/owl.video.play.html]
[bloxthemes.net/landing-pages/blox-plugin/media/assets_libraries/owl-carousel/assets/owl.carouself582.css]
[bloxthemes.net/landing-pages/blox-plugin/media/assets/uc_image_carousel/owl.video.play.html]
[bloxthemes.net/landing-pages/blox-plugin/media/assets/uc_image_carousel/owl.carouself582.css]
[bloxthemes.net/landing-pages/blox-plugin/media/assets/uc_overlay_image_carousel/uc_overlay_image_carouself582.css]
[bloxthemes.net/landing-pages/blox-plugin/media/assets/uc_diagonal_product_box/uc_diagonal_product_boxf582.css]
[bloxthemes.net/landing-pages/blox-plugin/media/assets/uc_diagonal_rating/uc_diagonal-ratingf582.css]
[bloxthemes.net/landing-pages/blox-plugin/media/assets/blox_boxed_small_diamond_icon_box/blox-boxed-small-diamond-icon-boxf582.css]
[bloxthemes.net/landing-pages/uploads/images/blox_page_builder/bg3.jpg]
[bloxthemes.net/landing-pages/blox-plugin/media/assets/elegant_product_box/elegant_product_boxf582.css]
[bloxthemes.net/landing-pages/uploads/images/blox_page_builder/box1.png]
[bloxthemes.net/landing-pages/www.pullandbear.com/index.html]
[bloxthemes.net/landing-pages/uploads/images/blox_page_builder/box5.png]
[bloxthemes.net/landing-pages/blox-plugin/media/assets/clothing_product_box/clothing_product_boxf582.css]
[bloxthemes.net/landing-pages/blox-plugin/media/assets/uc_progress_countdown/uc_progress-countdownf582.css]
[bloxthemes.net/landing-pages/blox-plugin/media/assets/uc_slide_down_button/uc_slide_down_buttonf582.css]
[bloxthemes.net/landing-pages/blox-plugin/media/assets/pointy_testimonial/uc_pointy_testimonialf582.css]
[bloxthemes.net/landing-pages/blox-plugin/media/assets/responsive_testemonial_carousel/responsive_testemonial_carouself582.css]
[bloxthemes.net/landing-pages/blox-plugin/media/assets/uc_starter_accordion/uc_starter_accordionf582.css]
[bloxthemes.net/landing-pages/blox-plugin/media/assets/uc_tiles_grid_image/images/loader_skype_trans.gif]
[bloxthemes.net/landing-pages/blox-plugin/media/assets/uc_tiles_grid_image/images/loader-white1.gif]
[bloxthemes.net/landing-pages/blox-plugin/media/assets/uc_tiles_grid_image/images/loader-black1.gif]
[bloxthemes.net/landing-pages/blox-plugin/media/assets/uc_tiles_grid_image/images/loader-white2.gif]
[bloxthemes.net/landing-pages/blox-plugin/media/assets/uc_tiles_grid_image/images/loader-black2.gif]
[bloxthemes.net/landing-pages/blox-plugin/media/assets/uc_tiles_grid_image/images/loader-white3.gif]
[bloxthemes.net/landing-pages/blox-plugin/media/assets/uc_tiles_grid_image/images/loader-black3.gif]
[bloxthemes.net/landing-pages/blox-plugin/media/assets/uc_tiles_grid_image/images/loader-white4.gif]
[bloxthemes.net/landing-pages/blox-plugin/media/assets/uc_tiles_grid_image/images/loader-black4.gif]
[bloxthemes.net/landing-pages/blox-plugin/media/assets/uc_tiles_grid_image/images/loader-white5.gif]
[bloxthemes.net/landing-pages/blox-plugin/media/assets/uc_tiles_grid_image/images/loader-black5.gif]
[bloxthemes.net/landing-pages/blox-plugin/media/assets/uc_tiles_grid_image/images/loader-white6.gif]
[bloxthemes.net/landing-pages/blox-plugin/media/assets/uc_tiles_grid_image/images/loader-black6.gif]
[bloxthemes.net/landing-pages/blox-plugin/media/assets/uc_tiles_grid_image/images/loader-white7.gif]
[bloxthemes.net/landing-pages/blox-plugin/media/assets/uc_tiles_grid_image/images/loader-black7.gif]
[bloxthemes.net/landing-pages/blox-plugin/media/assets/uc_tiles_grid_image/images/play-button-square.png]
[bloxthemes.net/landing-pages/blox-plugin/media/assets/uc_tiles_grid_image/images/play-button-round.png]
[bloxthemes.net/landing-pages/blox-plugin/media/assets/uc_tiles_grid_image/images/button-close.png]
[bloxthemes.net/landing-pages/blox-plugin/media/assets/uc_tiles_grid_image/images/loader.gif]
[bloxthemes.net/landing-pages/blox-plugin/media/assets/uc_tiles_grid_image/images/loader_bright.gif]
[bloxthemes.net/landing-pages/blox-plugin/media/assets/uc_tiles_grid_image/images/not_loaded.png]
[bloxthemes.net/landing-pages/blox-plugin/media/assets/uc_tiles_grid_image/images/cover-grid.png]
[bloxthemes.net/landing-pages/blox-plugin/media/assets/uc_tiles_grid_image/images/icon-link32.png]
[bloxthemes.net/landing-pages/blox-plugin/media/assets/uc_tiles_grid_image/images/icon-zoom32.png]
[bloxthemes.net/landing-pages/blox-plugin/media/assets/uc_tiles_grid_image/images/icon-play32.png]
[bloxthemes.net/landing-pages/blox-plugin/media/assets/uc_tiles_grid_image/images/lightbox-arrow-left.png]
[bloxthemes.net/landing-pages/blox-plugin/media/assets/uc_tiles_grid_image/images/lightbox-arrow-right.png]
[bloxthemes.net/landing-pages/blox-plugin/media/assets/uc_tiles_grid_image/images/lightbox-icon-close.png]
[bloxthemes.net/landing-pages/blox-plugin/media/assets/uc_tiles_grid_image/images/lightbox-icon-close-compact2.png]
[bloxthemes.net/landing-pages/blox-plugin/media/assets/uc_tiles_grid_image/images/slider_arrow_left.png]
[bloxthemes.net/landing-pages/blox-plugin/media/assets/uc_tiles_grid_image/images/slider_arrow_right.png]
[bloxthemes.net/landing-pages/blox-plugin/media/assets/uc_tiles_grid_image/images/slider_bullets.png]
[bloxthemes.net/landing-pages/blox-plugin/media/assets/uc_tiles_grid_image/images/tile_bullets_gray.png]
[bloxthemes.net/landing-pages/blox-plugin/media/assets/uc_tiles_grid_image/images/tile_bullets_blue.png]
[bloxthemes.net/landing-pages/blox-plugin/media/assets/uc_tiles_grid_image/images/tile_bullets_brown.png]
[bloxthemes.net/landing-pages/blox-plugin/media/assets/uc_tiles_grid_image/images/tile_bullets_green.png]
[bloxthemes.net/landing-pages/blox-plugin/media/assets/uc_tiles_grid_image/images/tile_bullets_red.png]
[bloxthemes.net/landing-pages/blox-plugin/media/assets/uc_tiles_grid_image/images/tile_button_left.png]
[bloxthemes.net/landing-pages/blox-plugin/media/assets/uc_tiles_grid_image/images/tile_button_right.png]
[bloxthemes.net/landing-pages/blox-plugin/media/assets/uc_tiles_grid_image/images/tile_button_play_pause.png]
[bloxthemes.net/landing-pages/blox-plugin/media/assets/uc_tiles_grid_image/images/button_playpause.png]
[bloxthemes.net/landing-pages/blox-plugin/media/assets/uc_tiles_grid_image/images/button_fullscreen.png]
[bloxthemes.net/landing-pages/blox-plugin/media/assets/uc_tiles_grid_image/images/icon_zoom_plus.png]
[bloxthemes.net/landing-pages/blox-plugin/media/assets/uc_tiles_grid_image/images/icon_zoom_minus.png]
[bloxthemes.net/landing-pages/blox-plugin/media/assets/uc_tiles_grid_image/images/icon_zoom_back.png]
[bloxthemes.net/landing-pages/blox-plugin/media/assets/uc_tiles_grid_image/images/arrow_grid_down.png]
[bloxthemes.net/landing-pages/blox-plugin/media/assets/uc_tiles_grid_image/images/arrow_grid_up.png]
[bloxthemes.net/landing-pages/blox-plugin/media/assets/uc_tiles_grid_image/images/grid_arrow_left.png]
[bloxthemes.net/landing-pages/blox-plugin/media/assets/uc_tiles_grid_image/images/grid_arrow_right.png]
[bloxthemes.net/landing-pages/blox-plugin/media/assets/uc_tiles_grid_image/images/arrows_strip_left.png]
[bloxthemes.net/landing-pages/blox-plugin/media/assets/uc_tiles_grid_image/images/arrows_strip_right.png]
[bloxthemes.net/landing-pages/blox-plugin/media/assets/uc_tiles_grid_image/images/arrows_strip_up.png]
[bloxthemes.net/landing-pages/blox-plugin/media/assets/uc_tiles_grid_image/images/arrows_strip_down.png]
[bloxthemes.net/landing-pages/blox-plugin/media/assets/uc_tiles_grid_image/images/grid_handle_black_left.png]
[bloxthemes.net/landing-pages/blox-plugin/media/assets/uc_tiles_grid_image/images/grid_handle_black_right.png]
[bloxthemes.net/landing-pages/blox-plugin/media/assets/uc_tiles_grid_image/images/grid_handle_black_top.png]
[bloxthemes.net/landing-pages/blox-plugin/media/assets/uc_tiles_grid_image/images/grid_handle_black_bottom.png]
[bloxthemes.net/landing-pages/blox-plugin/media/assets/uc_tiles_grid_image/unite-galleryf582.css]
[bloxthemes.net/landing-pages/blox-plugin/media/assets/simple_price_table/simple_price_tablef582.css]
[bloxthemes.net/landing-pages/blox-plugin/media/assets/uc_corner_social_icons/uc-corner-social-iconsf582.css]
[bloxthemes.net/landing-pages/uploads/images/blox_page_builder/christmas.png]
[bloxthemes.net/landing-pages/blox-plugin/media/assets/uc_side_image_product_box/uc_side_image_product_boxf582.css]
[bloxthemes.net/landing-pages/blox-plugin/media/assets/diamond_countdown/diamond-img.png]
[bloxthemes.net/landing-pages/blox-plugin/media/assets/diamond_countdown/uc_diamond_countdownf582.css]
[bloxthemes.net/landing-pages/blox-plugin/media/assets/gradient_price_table/gradient_price_tablef582.css]
[bloxthemes.net/landing-pages/blox-plugin/media/assets/bold_price_box/bold_price_boxf582.css]
[bloxthemes.net/landing-pages/blox-plugin/media/assets/blox_flower_event_box/blox_flower_event_boxf582.css]
[bloxthemes.net/landing-pages/blox-plugin/media/assets/uc_link_hover_effects_set_one/uc_link_hover_effects_set_1f582.css]
[bloxthemes.net/landing-pages/blox-plugin/media/assets/full_color_price_table/full_color_price_tablef582.css]
[bloxthemes.net/landing-pages/blox-plugin/media/assets/blox-top-small-round-icon-box/blox-top-small-round-icon-boxf582.css]
[bloxthemes.net/landing-pages/uploads/images/blox_page_builder/gifts2.png]
[bloxthemes.net/landing-pages/blox-plugin/media/assets_libraries/owl-carousel/assets/owl.video.play.html]
[bloxthemes.net/landing-pages/blox-plugin/media/assets/uc_image_carousel/owl.video.play.html]
[bloxthemes.net/landing-pages/uploads/images/blox_page_builder/box1.png]
[bloxthemes.net/landing-pages/uploads/images/blox_page_builder/gifts2.png]
